// Jest Snapshot v1, https://goo.gl/fbAQLP

exports[`Button Component should render <Button /> 1`] = `
<button
  className="sc-bdVaJa cqgoro"
  title="test"
>
  test
</button>
`;
